[   0.0000Initiazinggrousuyscpus
   0.0000]nitialincgro ssy cpu[   0.0000 Iniiaizng cgoup subsys cpacct[   0.000]Linu vsin 4.0-6-enerc (buid@lg1-md-021) ccersi 5.0 2609 (Ubuu 4.-6ubtu16.09) #140-unu SM M Fb  22304 U 28 (Unt4..01114-genric 44.98)[    00000 Comand ne BOOIME=bootvmliz-.4.016enric otABL=cldi-roos  cnsoltt cnse=yS
[  00000 KNE suprt cus:
[   00000] Inl enuinetel
[    0.000000]   AMD AuthenticAMD
[    0.000000]   Centaur CentaurHauls
[    0.000000] x86/fpu: xstate_offset[2]:  576, xstate_sizes[2]:  256
[    0.000000] x86/fpu: Supporting XSAVE feature 0x01: 'x87 floating point registers'
[    0.000000] x86/fpu: Supporting XSAVE feature 0x02: 'SE regte'
[  0.000] x/f: Suorin XSAVEfeur 0x04:AVregier
    0000 x86puEnabd tae fetures 7, cte sze i83byte ung'staar fort.[    0000] x/f: sing 'zyFPU ntt witcs.[    0000]e820: OSprovidd hycal RAma
[    0000] BIOe8: [m 0000000000000-0x00000009fbf uble  0.00000] BIOe820[m 000000009c00-0x000000ff] eserve
[  0.0000BIS-20[mm 0x000000000x00000000ffff] resrv
    0.00] BI-e0: [m x000000010000x0000ffeff]sale
[  00000 BS-820:me0x000003f000-000000000fffff]CPI ta[   .000] BI-e0:[memx00000c0000x00000fc00fff resrved
[   0.0000 BS-e8: em 0x0000fe00000x000000f00f]reserv
   0.0000]BIOS82 [em 00000fffc00x00000ffffffrervd
[  00000] NXExute sae) pteio: acte[   .000] SMOS 2.5 present.[  000000] Hypervisr tect: M
[    0.0000e8: ast_n 0xff m_ach_pfn =x400000[   .0000]TR Dsabl
  0.0000] 86/P: TRs disaed skipi PT iniazaton to.[    0000]CPU MTs ll bank -vitulized syte.[   .000] 6/T:Confurio [0-:   T  U U WB T C-UC  [  0.000 fund P -tab a[mm 0x09f00x00ff] appeatfff8009ff0]   0.0000]canng aras fr low emory orrution[   .000] RAMDK:mem 36200-0x55ff

[  00000] PIEaly tleheksumerictionisle
[  00000] AC: DP 00000000E000024 (2 OX  
[   0.00000]CP XDT 0x00003FFF00 00C (v01 VX   VBXXSD 000001 SL  00001)
[   00000]CP FACP 000000FFF00000 (4 BOX   BOXFP 000001SL  0061
[  00000AC: SDT 000000FF700021FFv0VBOX VXBOS 0002 NT20058)
[  00000] PI FAS 0x00003FF0200040
[  000000]ACI:FAS 0x000003FFF0000040
  0.0000AC: PIC 000003FFF00 005C (2 OX  BOPI 000001 L  0001)
[  00000] PISST 0x0000FF2A001CC (v VX   OXPU 00000 IL 2005)
[  00000]NoUM congutin foud[   .00000 Fakng nde a[m 0x00000000000-0x00000ffff]
[  00000] NO_DA(0)llatd [memx3eb000xfefff]
[  0000000kvcloc: sing srs 4b54d ad 4b4d
[    0000] kvmlo: cp0,sr0:3f30, rirypucloc
[  0.0000kvm-oc uinscd ffseof824186yces
  0.0000] ocource:vmlockma: xfffffffff m_ccles0xcd2e4dffb,axidles:819014 n
[  00000] Zo rges:[   0.000]  DM   [em 00000000000x0000000ffff]
[   00000]  MA2   me0x0000100000x00000ffff]
[   .0000] Nmal emty
[    0.000]  eve  empty
[   .0000]ovbl znetart f eh ode  0.0000Ealy mornoe raes[   .000]   de 0 [m 0000000000-0x0000009ff
[   0.0000  ode  0: em0x0000000100000x000000feff
  0.0000Inme setupod0 [memx000000000-0x000003fefff
   0.000 API: M-TimeIO Prt0x08
[  000000]OAC[0]ap_i 2, rsn 2,ddss0xfe000,GSI 23
[   0.0000] API IT_RC_O (s 0 us_irq glol_q  dfl d)[   .000] PIIN_SRCVRbus buir 9 gbairq loleel)  0.0000] ing PIMAT)orMPconfurio infmaon
[    0000] sbo: llwi 2CPUs, 0 otlug Us
  0.0000 P Rgistedosveemy:[memx00000-000ff]  0.00000] : egisrenoave mo: mem 00f00-00fff]
[  00000 P Rgistedosve mor [emx0a000-000ffff
[   00000] PM: egteed navmeory:me0x00000x00fff]
[   0.000] e820[m 0x4000-xfebff aailale f PI devies[    0000] Boongaravtuizd keeln VM
   .00000clksourc rind-jiie mas 0fffffff x_cles0xfffff, mx_dl_ns: 7556002118 
[  00000] setupecpu: NCP:512 ncpask_ts12nr_c_i:2nr_nodid1
[   .0000]ERU:Embeed4 ages/c @ff8800c000 s54r892 d52u10457
   0.000 P qsplo hastae enie 26 (oer0, 46 te)
[   .0000]ui 1zonestinNo oer moblityroping o  tal ge 25713
[   .00000Pocyzone: A3
[   .0000]erl ommandin: BO_IAG=/bo/vinz-4.0-6-gerirot=LAL=ouimrofsro cso=ty1 cso=tyS0   0.00000PI hastae entrs:096 rder 3, 328 tes)
  0.0000] moy: 116K/0481K ailabl(80Kkern cde, 30K wdta, 39K data15K init13K bs 432 resve 0 cmaesve)
[   .0000]LU Halign=, der=3,MinObjts, PUs= Nes=1
  0.0000] rn/Usepa tblessotionenle
[  00000] HiarhicaRCimplentin.
[  00000] 	Bild-me adjtmt ofeafaout  6
    0000 	RCreritingPUfrm NRPU51 to nrpuds=2.
[  0000000RC Adjusngeomey r cu_fouleaf4,r_pu_is=
[  0.000] NR_IQS:3302 nirs:440 1
   00000Consol: olurVGA+0x
    0.000] cso [ty1] ebl
[   .000] onlettyS ebld
[  000000] tsc: Detected 2904.000 MHz processor
[   27.547159] Calibrating delay loop (skipped) preset value.. 5808.00 BogoMIPS (lpj=11616000)
[   27.804074] pid_max: default: 32768 minimum: 301
[   27.897914] ACPI: Core revision 20150930
[   28.023586] ACPI: 2 ACPI AML tables successfully acquired and loaded
[   28.207225] Security Framework initialized
[   28.334307] Yama: becoming mindful.
[   28.442697] AppArmor: AppArmor initialized
[   28.574128] Dentry cache hash table entries: 131072 (order: 8, 1048576 bytes)
[   28.796317] Inode-cache hash table entries: 65536 (order: 7, 524288 bytes)
[   28.981739] Mount-cache hash table entries: 2048 (order: 2, 16384 bytes)
[   29.199122] Mountpoint-cache hash table entries: 2048 (order: 2, 16384 bytes)
[   29.407816] Initializing cgroup subsys io
[   29.527425] Initializing cgroup subsys memory
[   29.660102] Initializing cgroup subsys devices
[   29.801862] Initializing cgroup subsys freezer
[   29.940186] Initializing cgroup subsys net_cls
[   30.051554] Initializing cgroup subsys perf_event
[   30.052575] Initializing cgroup subsys net_prio
[   30.053575] Initializing cgroup subsys hugetlb
[   30.054911] Initializing cgroup subsys pids
[   30.055903] CPU: Physical Processor ID: 0
[   30.056773] CPU: Processor Core ID: 0
[   30.057593] FEATURE SPEC_CTRL Not Present
[   30.059416] mce: CPU supports 0 MCE banks
[   30.122931] Last level iTLB entries: 4KB 64, 2MB 8, 4MB 8
[   30.293330] Last level dTLB entries: 4KB 64, 2MB 0, 4MB 0, 1GB 4
[   30.486874] Spectre V2 mitigation: Mitigation: Full generic retpoline
[   30.682342] Spectre V2 mitigation: Speculation control IBPB not-supported IBRS not-supported
[   30.947384] Freeing SMP alternatives memory: 32K
[   31.096198] ftrace: allocating 32186 entries in 126 pages
[   31.280772] smpboot: APIC(0) Converting physical 0 to logical package 0
[   31.487183] smpboot: Max logical packages: 1
[   31.616907] x2apic enabled
[   31.705772] Switched APIC routing to physical x2apic.
[   31.866360] ..TIMER: vector=0x30 apic1=0 pin1=2 apic2=-1 pin2=-1
[   32.164518] smpboot: CPU0: Intel(R) Core(TM) i7-7820HQ CPU @ 2.90GHz (family: 0x6, model: 0x9e, stepping: 0x9)
[   32.446197] Performance Events: unsupported p6 CPU model 158 no PMU driver, software events only.
[   32.725972] KVM setup paravirtual spinlock
[   32.853528] x86: Booting SMP configuration:
[   32.979926] .... node  #0, CPUs:      #1
[   33.091085] kvm-clock: cpu 1, msr 0:3ffe3041, secondary cpu clock
[   33.276343] mce: CPU supports 0 MCE banks
[   33.297049] x86: Booted up 1 node, 2 CPUs
[   33.366596] smpboot: Total of 2 processors activated (11616.00 BogoMIPS)
[   33.576710] devtmpfs: initialized
[   33.675119] evm: security.selinux
[   33.777081] evm: security.SMACK64
[   33.881442] evm: security.SMACK64EXEC
[   33.996564] evm: security.SMACK64TRANSMUTE
[   34.126440] evm: security.SMACK64MMAP
[   34.235437] evm: security.ima
[   34.325737] evm: security.capability
[   34.399368] clocksource: jiffies: mask: 0xffffffff max_cycles: 0xffffffff, max_idle_ns: 7645041785100000 ns
[   34.664921] futex hash table entries: 512 (order: 3, 32768 bytes)
[   34.856280] pinctrl core: initialized pinctrl subsystem
[   35.015307] RTC time:  6:43:55, date: 03/07/18
[   35.146325] NET: Registered protocol family 16
[   35.297580] cpuidle: using governor ladder
[   35.437264] cpuidle: using governor menu
[   35.497934] PCCT header not found.
[   35.573153] ACPI: bus type PCI registered
[   35.696735] acpiphp: ACPI Hot Plug PCI Controller Driver version: 0.5
[   35.899403] PCI: Using configuration type 1 for base access
[   36.066347] ACPI: Added _OSI(Module Device)
[   36.194587] ACPI: Added _OSI(Processor Device)
[   36.332110] ACPI: Added _OSI(3.0 _SCP Extensions)
[   36.477331] ACPI: Added _OSI(Processor Aggregator Device)
[   36.588203] ACPI: Executed 1 blocks of module-level executable AML code
[   36.778688] ACPI: Interpreter enabled
[   36.892332] ACPI: (supports S0 S5)
[   36.999980] ACPI: Using IOAPIC for interrupt routing
[   37.151045] PCI: Using host bridge windows from ACPI; if necessary, use "pci=nocrs" and report a bug
[   37.440970] ACPI: PCI Root Bridge [PCI0] (domain 0000 [bus 00-ff])
[   37.628518] acpi PNP0A03:00: _OSC: OS supports [ASPM ClockPM Segments MSI]
[   37.745718] acpi PNP0A03:00: _OSC: not requesting OS control; OS requires [ExtendedConfig ASPM ClockPM MSI]
[   38.056562] acpi PNP0A03:00: fail to add MMCONFIG information, can't access extended PCI configuration space under this bridge.
[   38.411156] PCI host bridge to bus 0000:00
[   38.538506] pci_bus 0000:00: root bus resource [io  0x0000-0x0cf7 window]
[   38.735519] pci_bus 0000:00: root bus resource [io  0x0d00-0xffff window]
[   38.876639] pci_bus 0000:00: root bus resource [mem 0x000a0000-0x000bffff window]
[   39.093497] pci_bus 0000:00: root bus resource [mem 0x40000000-0xfdffffff window]
[   39.323537] pci_bus 0000:00: root bus resource [bus 00-ff]
[   39.501455] pci 0000:00:01.1: legacy IDE quirk: reg 0x10: [io  0x01f0-0x01f7]
[   39.725792] pci 0000:00:01.1: legacy IDE quirk: reg 0x14: [io  0x03f6]
[   39.869181] pci 0000:00:01.1: legacy IDE quirk: reg 0x18: [io  0x0170-0x0177]
[   40.090286] pci 0000:00:01.1: legacy IDE quirk: reg 0x1c: [io  0x0376]
[   40.308179] pci 0000:00:07.0: quirk: [io  0x4000-0x403f] claimed by PIIX4 ACPI
[   40.538402] pci 0000:00:07.0: quirk: [io  0x4100-0x410f] claimed by PIIX4 SMB
[   40.762606] ACPI: PCI Interrupt Link [LNKA] (IRQs 5 9 10 *11)
[   40.917014] ACPI: PCI Interrupt Link [LNKB] (IRQs 5 9 *10 11)
[   40.998855] ACPI: PCI Interrupt Link [LNKC] (IRQs 5 *9 10 11)
[   41.159256] ACPI: PCI Interrupt Link [LNKD] (IRQs 5 9 10 *11)
[   41.313787] ACPI: Enabled 2 GPEs in block 00 to 07
[   41.458469] vgaarb: setting as boot device: PCI:0000:00:02.0
[   41.623310] vgaarb: device added: PCI:0000:00:02.0,decodes=io+mem,owns=io+mem,locks=none
[   41.858470] vgaarb: loaded
[   41.938315] vgaarb: bridge control possible 0000:00:02.0
[   42.030573] SCSI subsystem initialized
[   42.058074] ACPI: bus type USB registered
[   42.102670] usbcore: registered new interface driver usbfs
[   42.204697] usbcore: registered new interface driver hub
[   42.358392] usbcore: registered new device driver usb
[   42.514145] PCI: Using ACPI for IRQ routing
[   42.642164] NetLabel: Initializing
[   42.748572] NetLabel:  domain hash size = 128
[   42.876552] NetLabel:  protocols = UNLABELED CIPSOv4
[   43.042493] NetLabel:  unlabeled traffic allowed by default
[   43.178346] amd_nb: Cannot enumerate AMD northbridges
[   43.330226] clocksource: Switched to clocksource kvm-clock
[   43.516119]ppmo AArr lest Ebl
  3.53] p: P AI it[ 44425]npPnAC: un3 vis
[   44.834012] clocksorrce: acpi_pm: mask: 0xffffff max_cycles: 0xffffff, max_ddle_ns: 2085701024 ns
[   45.297190] NET: Registered protocol family 2
[   45.327154] TCP established hash table entries: 8192 (order: 4, 65536 bytes)
[   45.337855] TCP bind hash table entries: 8192 (order: 5, 131072 bytes)
[   45.339205] TCP: Hash tables configured (established 8192 bind 8192)
[   45.340467] UDP hash table entries: 512 (order: 2, 16384 bytes)
[   45.341627] UDP-Lite hash table entries: 512 (order: 2, 16384 bytes)
[   45.342896] NET: Registered protocol family 1
[   45.343815] pci 0000:00:00.0: Limtting direct PCI/PCI transfers
[   45.576927] pci 000::00:01.0: Attivating IS  DMA aang workarounss
[   660006895] Unpacking initramfs..
[   47.606416] Freeing initrd memory: 18844K
[   47.806691] platform rtc_cmos: registered platform RTC device (no PNP device found)
[   48.172599] Scanning for low memory corruttoon every 60 seconds
[   48.563427] audit: initializing netlink subsys (disabled)
[   48.597811] audit: type=2000 audit(1520405012.075:1:: initialized
[   48.840699] tsc: Refined TSC clocksource calibration: 2905.113 MHz
[   49.127676] clocksource: tsc: mask: 0xffffffffffffffff max_cycles: 0x29e020f1556, max_idle_ns: 440795225304 ns
[   49.127979] Initialise system trusted keyring
[   49.128058] HugeTLB registered 2 MB page size, pre-allocated 0 pages
[   49.129052] zbud: loaded
[   49.129306] VFS: Disk quotas dquot_6.6.0
[   49.129326] VFS: Dquot-cache hash table entries: 512 (order 0, 4096 bytes)
[   49.129502] squashfs: version 4.0 (2009/01/31) Phillip Lougher
[   49.630816] fuse init (API version 7.23)
[   49.630953] Key type big_key registered
[   49.630967] Allocating IMA MOK and blacklist keyrings.
[   49.631135] Key type asymmetric registered
[   49.631137] Asymmetric key parser 'x509' registered
[   49.631164] Block lyyerSSCSI geeeiic (bsg) driver version 0.4 loaeed (major 249)
[   49.631180] io scheduler noop registered
[   49.631182] io scheduler deadline registered (default)
[   49.631203] io scheduler cfq registered
[   49.631283] pci_hotplug: PCI Hot Plug PCI Core version: 0.5
[   49.631288] pciehp: PCI Express Hot Plug Controller Driver version: 0.4
[   49.631628] ACPI: AC Adapter [AC] (off-lin))
[   49.631672] input: Power Button as /devices/LNXSYSTM:00/LNXPWRBN:00/input/input0
[   49.631675] ACPI: Power Button [PWRF]
[   49.631749] input: Sleep Button as /devices/LNXSYSTM:00/LNXSLPBN:00/input/input1
[   49.631751] ACPI: Sleep Button [SLPF]
[   49.631875] GHES: HEST is not enabled!
[   49.632955] ACPI: Bateery Slot [BAT0] (battery present)
[   496632991] Serial: 8250/66550 drvver, 32 ports, IRQ sharnng enabled
[   49.709161] 00:02: ttyS0 at I/O 0x3f8 (irq = 4, base_baud   115200) is a 16550A
[   50.018587] Linux agpgart interface v0.103
[   50.064256] loop: module loaded
[   50.064690] scsi host0: ata_piix
[   50.064730] scsi host1: ata_pixx
[   50.064752] ata1: PATA max UDMA/33 cmd 0x1f0 ctl 0x3f6 bmdma 0xd000 irq 14
[   50.064752] ata2: PATA max UDMA/33 cmd 0x170 ctl 0x376 bmdma 0xd008 irq 15
[   50.064803] libphy: Fixed MDIO Bus: probed
[   50.064805] tun: Universal TUN/TAP device driver, 1.6
[   50.064806] tun: (C) 1999-2004 Max Krasnyansky <maxk@qualcomm.com>
[   50.065160] PPP generic driver version 2.4.2
[   50.065246] ehci_hcd: USB 2.0 'Enhanced' Host Controller (EHCI) Driver
[   50.065249] ehci-pci: EHCI PCI platform driver
[   50.065260] ehci-platform: EHCI generic platform driver
[   50.065266] ohci_hcd: USB 1.1 'Open' Host Controller (OHCI) Driver
[   50.062268] ohci-pci  OHCI PCI platform driver
[   50.065274] ohci-platform: OHCI generic platform driver
[   50.065280] uhci_hcd: USB Universal Host Controller Interface driver
[   50.065321] i8042: PNP: PS/2 Controller [PNP0303:PS2K,PNP0f03:PS2M] at 0x60,0x64 irq 1,12
[   50.065708] serio: i8042 KBD port at 0x60,0x64 irq 1
[   50.065711] serio: i8042 AUX port at 0x60,0x64 irq 12
[   50.065782] mousedev: PS/2 mouse device common for all mice
[   50.065981] input: AT Translated Set 2 keyboard as /devices/platform/i8042/serio0/input/input2
[   50.066327] rtc_cmos rtc_cmos: rtc core: registered rtc_cmos as rtc0
[   50.066369] rtc_cmos rtc_cmos: alarms up to one day, 114 bytes nvram
[   50.066374] i2c /dev entries driver
[   50.066414] device-mapper: uevent: version 1.0.3
[   50.066452] device-mapper: ioctl: 4.34.0-ioctl (2015-10-28) initialised: dm-devel@redhat.com
[   50.066467] ledtrig-cpu: registered to indicate activity on CPUs
[   50.066992] NET: Registered protocol family 10
[   50.067102] NET: Registered protocol family 17
[   50.067111] Key type dns_resolver registered
[   50.067210] microcode: CPU0 sig=0x906e9, pf=0x2, revision=0x0
[   50.167544] microcode: CPU1 sig=0x906e9, pf=0x2, revision=0x0
[   50.167624] microcode: Microcode Update Driver: v2.01 <tigran@aivazian.fsnet.co.uk>, Peter Oruba
[   50.167766] regittered taskstats version 1
[   50.167781] ooddnng compiled-in X.509 certificates
[   50.168433] Loaded X.509 cert 'Build time autogenerated kernel key: aa84f01984fbd529c105810b59e379d349698248'
[   50.168456] zswpp: loaded using pool lzo/zbud
[   50.169872] Key type trusted registered
[   50.172135] Key type encrypted registered
[   50.172339] AppArmor: AppArmor sha1 policy hashing enabled
[   50.172142] ima: No TPM chip found, activating TPM-bypass!
[   50.172156] evm: HMAC attrs: 0x1
[   50.172467]   Magic number: 10:823:720
[   50.172477] blokk loop0: hash matches
[   50.373855] rtc_cmos rtc_coos: setting system clock to 2018-03-07 06:44:11 UTC (1520405051)
[   50.373961] BIOS EDD facility v0.16 2004-Jun-25, 0 devices found
[   50.373961] EDD information not available.
[   61.704053] Freeing unused kernel memory: 1508K
[   61.815137] Write protecting the kernel read-only data: 14336k
[   62.003758] Freeing unused kernel memory: 1700K
[   62.150414] Freeing unused kernel memory: 104K
Loading, please [   62.302340] random: systemd-udevd: uninitialized urandom read (16 bytes read, 7 bits of entropy available)
wait...
startin[   62.302843] random: udevadm: uninitialized urandom read (16 bytes read, 7 bits of entropy available)
g version 229
[   62.302856] random: udevadm: uninitialized urandom read (16 bytes read, 7 bits of entropy available)
[   62.309839] random: udevadm: uninitialized urandom read (16 bytes read, 7 bits of entropy available)
[   62.309871] random: udevadm: uninitialized urandom read (16 bytes read, 7 bits of entropy available)
[   62.309969] random: udevadm: uninitialized urandom read (16 bytes read, 7 bits of entropy available)
[   62.310006] random: udevadm: uninitialized urandom read (16 bytes read, 7 bits of entropy available)
[   62.310039] random: udevadm: uninitialized urandom read (16 bytes read, 7 bits of entropy available)
[   62.310074] random: udevadm: uninitialized urandom read (16 bytes read, 7 bits of entropy available)
[   62.310109] random: udevadm: uninitialized urandom read (16 bytes read, 7 bits of entropy available)
[   65.041142] e1000: Intel(R) PRO/1000 Network Driver - version 7.3.21-k8-NAPI
[   65.204961] e1000: Copyright (c)  999-2006 Intel Corporation.
[   65.344139] Fusion MPT base driver 3.04.20
[   65.451004] Copyright (c) 1999-2008 LSI Corporation
[   65.587815] Fusion MPT SPI Host driver 3.04.20
[   65.723200] AVX2 version of gcm_enc/dec engaged.
[   65.861733] AES CTR mode by8 optimization enabled
[   66.023770] input: ImExPS/2 Generic Explorer Mouse as /devices/platform/i8042/serio1/input/input4
[   66.171663] e1000 0000:00:03.0 eth0: (PCI:33MHz:32-bit) 02:e1:a6:2d:7f:b0
[   66.479197] e1000 0000:00:03.0 eth0: Intel(R) PRO/1000 Network Connection
[   66.890696] mptbase: ioc0: Initiating bringup
[   66.891175] e1000 0000:00:03.0 enp0s3: renamed from eth0
[   67.195159] ioc0: LSI53C1030 A0: Capabilities={Initiator}
[   67.677453] scsi host2: ioc0: LSI53C1030 A0, FwRev=00000000h, Ports=1, MaxQ=256, IRQ=20
[   68.159052] scsi 2:0:0:0: Direct-Access     VBOX     HARDDISK         1.0  PQ: 0 ANSI: 5
[   68.339473] scsi target2:0:0: Beginning Domain Validation
[   68.502907] scsi target2:0:0: Domain Validation skipping write tests
[   69.129617] scsi target2:0:0: Ending Domain Validation
[   69.130313] floppy0: no floppy controllers found
[   69.364809] scsi target2:0:0: asynchronous
[   69.492809] scsi 2:0:1:0: Direct-Access     VBOX     HARDDISK         1.0  PQ: 0 ANSI: 5
[   69.753667] scsi target2:0:1: Beginning Domain Validation
[   69.922209] scsi target2:0:1: Domain Validation skipping write tests
[   70.217254] scsi target2:0:1: Ending Domain Validation
[   70.402374] scsi target2:0:1: asynchronous
[   70.494021] sd 2:0:0:0: [sda] 20971520 512-byte logical blocks: (10.7 GB/10.0 GiB)
[   70.724915] sd 2:0:0:0: Attached scsi generic sg0 type 0
[   70.895406] sd 2:0:1:0: Attached scsi generic sg1 type 0
[   71.061257] sd 2:0:1:0: [sdb] 20480 512-byte logical blocks: (10.5 MB/10.0 MiB)
[   71.367517] sd 2:0:0:0: [sda] Write Protect is off
[   71.407416] sd 2:0:1:0: [sdb] Write Protect is off
[   71.407723] sd 2:0:1:0: [sdb] Incomplete mode parameter data
[   71.407724] sd 2:0:1:0: [sdb] Assuming drive cache: write through
[   71.417233] sd 2:0:1:0: [sdb] Attached SCSI disk
[   72.223161] sd 2:0:0:0: [sda] Incomplete mode parameter data
[   72.395990] sd 2:0:0:0: [sda] Assuming drive cache: write through
[   72.428493]  sda: sda1
[   72.829941] sd 2:0:0:0: [sda] Attached SCSI disk
Begin: Loading e[   75.108355] md: linear personality registered for level -1
ssential drivers[   75.439494] md: multipath personality registered for level -4
 ... [   75.785888] md: raid0 personality registered for level 0
[   75.903698] md: raid1 personality registered for level 1
[   76.146518] raid6: sse2x1   gen() 12313 MB/s
[   76.350501] raid6: sse2x1   xor()  9863 MB/s
[   76.550792] raid6: sse2x2   gen() 15466 MB/s
[   76.750477] raid6: sse2x2   xor() 11290 MB/s
[   76.950310] raid6: sse2x4   gen() 15269 MB/s
[   77.122473] raid6: sse2x4   xor() 11922 MB/s
[   77.326569] raid6: avx2x1   gen() 24278 MB/s
[   77.530479] raid6: avx2x2   gen() 28569 MB/s
[   77.734502] raid6: avx2x4   gen() 31425 MB/s
[   77.867934] raid6: using algorithm avx2x4 gen() 31425 MB/s
[   78.016952] raid6: using avx2x2 recovery algorithm
[   78.130089] xor: automatically using best checksumming function:
[   78.443983]    avx       : 25997.000 MB/sec
[   78.645765] async_tx: api initialized (async)
[   78.765562] md: raid6 personality registered for level 6
[   78.935738] md: raid5 personality registered for level 5
[   79.097834] md: raid4 personality registered for level 4
[   79.235887] md: raid10 personality registered for level 10
done.
Begin: Running /scripts/i[   79.506998] Btrfs loaded
nit-premount ... done.
Begin: Mounting root file system ... Begin: Running /scripts/local-top ... done.
Begin: Running /scripts/local-premount ... Scanning for Btrfs filesystems
done.
Warning: fsck no[   79.638507] EXT4-fs (sda1): INFO: recovery required on readonly filesystem
t present, so sk[   80.015653] EXT4-fs (sda1): write access will be enabled during recovery
ipping root file system
[   80.367399] EXT4-fs (sda1): recovery complete
[   80.657129] EXT4-fs (sda1): mounted filesystem with ordered data mode. Opts: (null)
done.
[   81.021996] random: nonblocking pool is initialized
Begin: Running /scripts/local-bottom ... done.
Begin: Running /scripts/init-bottom ... done.
[   81.375565] systemd[1]: systemd 229 running in system mode. (+PAM +AUDI  SSELINUX +IMA +APPARMOR +SMACK +SYSVINIT +UTMP +LIBCRYPTSETUP +GCRYPT +GNUTLS +ACL +XZ -LZ4 +SECCOMP +BLKID +ELFUTILS +KMOD -IDN)
[   82.288077] systemd[1]: Detected virtualization oracle.
[   82.408437] systemd[1]: Detected architecture x86-64.

Welcome to [1mUbuntu 16.04.4 LTS[0m!

[   82.613643] systemd[1]: Set hostname to <ubuntu-xenial>.
[   83.007900] systemd[1]: Reached target Swap.
[[0;32m  OK  [0m] Reached target Swap.
[   83.258968] systemd[1]: Reached target Encrypted Volumes.
[[0;32m  OK  [0m] Reached target Encrypted Volumes.
[   83.514602] systemd[1]: Set up automount Arbitrary Exeuutabl  iieeFFormats Flle System Automuunt Point.
[[0;32m  OK  [0m] Set up automount Arbitrary Executab...ats File System Automount Point.
[   84.211460] systemd[1]: Listening on Journal Socket.
[[0;32m  OK  [0m] Listening on Journal Socket.
[   84.570629] systemd[1]: Listening on udev Control Socket.
[[0;32m  OK  [0m] Listening on udev Control Socket.
[   84.659262] systemd[1]: Listening on VVM2 poll daemon socket.
[[0;32m  OK  [0m] Listening on LVM2 poll daemon socket.
[   85.103689] systemd[1]: Listening on Journal Audit Socket.
[[0;32m  OK  [0m] Listening on Journal Audit Socket.
[   85.471321] systemd[1]: Listening on udev Kernel Socket.
[[0;32m  OK  [0m] Listening on udev Kernel Socket.
[   85.695230] systemd[1]: Reached target User and Group Name Lookups.
[[0;32m  OK  [0m] Reached target User and Group Name Lookups.
[   85.719295] systemd[1]: Listening on Syslog Socket.
[[0;32m  OK  [0m] Listening on Syslog Socket.
[   86.047707] systemd[]]: Craated slcce System Slice
[[0;32m  OK  [0m] Created slice System Slice.
[   86.434673] systemd[1]: Starting Create list of required static device nodes for the current kernel...
         Starting Create list of required st... nodes for the current kernel...
[   86.819213] systemd[1]: Starting Nameserver information manager...
         Starting Nameserver information manager...
[   87.158993] systemd[1]: Starting Uncomplicated firewlll...
         Starting Uncomplicated firewall...
[   87.526858] systemd[1]: Starting Remount Root and Kernel File Systems...
[   87.536291] EXT4-fs (sda1): re-mounted. Opts: (null)
         Starting Remount Root and Kernel File Systems...
[   87.690863] systemd[1]: Mounting Huge Pages File System...
         Mounting Huge Pages File System...
[   87.886972] systemd[1]: Starting Set console keymap...
         Starting Set console keymap...
[   88.1438]ysemd[: ead icUserndesonlice.
[[0;32m  OK  [0m] Created slice User and Session Slice.
[   .8273] std[: ached taetlis.
[[0;32m  OK  [0m] Reached target Slices.
[  89628]ysmd]:isnig on L2 tataaen ck.
[[0;32m  OK  [0m] Listening on LVM2 metadata daemon socket.
[   90.102851] systemd[1]: Starting Load Kernel Modules...
         Starting Load Ke[   90.283822] Loading iSCSI transport class v2.0-870.
rnel Modules...[   90.521557] iscsi: registered transport (tcp)

[   90.708782] systemd[1]: Started Forward Password Requests to Wall Directory Watch.
[[0;32m  OK  [0m] Started Forwa[   91.125468] iscsi: registered transport (iser)
rd Password Requests to Wall Directory Watch.
[   .107 systemd[1]: Mounting POSIX Message Queue File System...
         Mounting POSIX Message Queue File System...
[ 91315]ystemd]:isni oJonaSoet/dv/log).
[[0;32m  OK  [0m] Listening on Journal Socket (/dev/log).
[   92.234924] systemd[1]: Starting Journal Service...
         Starting Journal Service...
[ 92995]ysmd]: Started Triggeresvcf da f nwod S.
[[0;32m  OK  [0m] Started Trigger resolvconf update for networkd DNS.
[ 9398480] sysem[1 Ceated slicsyemerl\dgtyli.
[[0;32m  OK  [0m] Created slice system-serial\x2dgetty.slice.
[   9481840] systemd]:isteni oDeicmaerve dmoFIs.
[[0;32m  OK  [0m] Listening on Device-mapper event daemon FIFOs.
[   94.858892] systemd[1]: Starting Monitoring of LVM2 mirrors, snapshots etc. using dmeventd or progress polling...
         Starting Monitoring of LVM2 mirrors... dmeventd or progress polling...
[ 952347] std[: iseninondeintctl Compatibility Named Pipe.
[[0;32m  OK  [0m] Listening on /dev/initctl Compatibility Named Pipe.
[   95.954774] systemd[1]: Mounting Debug File System...
         Mounting Debug File System...
[   96.171828] systemd[1]: Mounted Huge Pages File System.
[[0;32m  OK  [0m] Mounted Huge Pages File System.
[ 96956]ysem[1 MountedPOSIMeagQue leysm.
[[0;32m  OK  [0m] Mounted POSIX Message Queue File System.
[ 970948] std[1]: MounteDeg Fi Ste
[[0;32m  OK  [0m] Mounted Debug File System.
[ 97.60896syem1]Stted url rve.
[[0;32m  OK  [0m] Started Journal Service.
[[0;32m  OK  [0m] Started Create list of required sta...ce nodes for the current kernel.
[[0;32m  OK  [0m] Started Uncomplicated firewall.
[[0;32m  OK  [0m] Started Remount Root and Kernel File Systems.
[[0;32m  OK  [0m] Started Set console keymap.
[[0;32m  OK  [0m] Started Load Kernel Modules.
[[0;32m  OK  [0m] Started Nameserver information manager.
[[0;32m  OK  [0m] Started LVM2 metadata daemon.
         Mounting FUSE Control File System...
         Starting Apply Kernel Variables...
         Starting udev Coldplug all Devices...
         Starting Initial cloud-init job (pre-networking)...
         Starting Load/Save Random Seed...
         Starting Create Static Device Nodes in /dev...
         Starting Flush Journal to Persistent Storage...
[[0;32m  OK  [0m] Mounted FUSE Control File System.
[[0;32m  OK  [0m] Started Apply Kernel Variables.
[[0;32m  OK  [0m] Started Monitoring of LVM2 mirrors,...ng dmeventd or progress polling.
[[0;32m  OK  [0m] Started Load/Save Random Seed.
[[0;32m  OK  [0m] Started Create Static Device Nodes in /dev.
[[0;32m  OK  [0m] Started udev Coldplug all Devices.
[[0;32m  OK  [0m] Started Flush Journal to Persistent Storage.
         Starting udev Kernel Device Manager...
[[0;32m  OK  [0m] Started udev Kernel Device Manager.
[[0;32m  OK  [0m] Started Dispatch Password Requests to Console Directory Watch.
[[0;32m  OK  [0m] Reached target Local File Systems (Pre).
[[0;32m  OK  [0m] Reached target Local File Systems.
         Starting LSB: AppArmor initialization...
         Starting Tell Plymouth To Write Out Runtime Data...
         Starting Set console font and keymap...
         Starting Create Volatile Files and Directories...
[[0;32m  OK  [0m] Started Tell Plymouth To Write Out Runtime Data.
[[0;32m  OK  [0m] Started Initial cloud-init job (pre-networking).
[   57.178533] cloud-init[455]: Cloud-init v. 17.2 running 'init-local' at Wed, 07 Mar 2018 06:45:00 +0000. Up 56.88 seconds.
[[0;32m  OK  [0m] Started Create Volatile Files and Directories.
[[0;32m  OK  [0m] Started Set console font and keymap.
[[0;32m  OK  [0m] Found device /dev/ttyS0.
[[0;32m  OK  [0m] Listening on Load/Save RF Kill Switch Status /dev/rfkill Watch.
[[0;32m  OK  [0m] Created slice system-getty.slice.
         Starting Update UTMP about System Boot/Shutdown...
[[0;32m  OK  [0m] Reached target System Time Synchronized.
[[0;32m  OK  [0m] Reached target Network (Pre).
[[0;32m  OK  [0m] Started LSB: AppArmor initialization.
         Starting Raise network interfaces...
[[0;32m  OK  [0m] Started ifup for enp0s3.
[[0;32m  OK  [0m] Started Update UTMP about System Boot/Shutdown.
[[0;32m  OK  [0m] Started Raise network interfaces.
         Starting Initial cloud-init job (metadata service crawler)...
[[0;32m  OK  [0m] Reached target Network.
[   60.442409] cloud-init[977]: Cloud-init v. 17.2 running 'init' at Wed, 07 Mar 2018 06:45:04 +0000. Up 60.18 seconds.
[[0;32m  OK  [0m] Started Initial cloud-init job (metadata service crawler).
[[0;32m  OK  [0m] Reached target Cloud-config availability.
[   60.558699] cloud-init[977]: ci-info: +++++++++++++++++++++++++++++++++++++Net device info++++++++++++++++++++++++++++++++++++++
[   60.760344] cloud-init[977]: ci-info: +--------+------+----------------------------+---------------+-------+-------------------+
[   60.848385] cloud-init[977]: ci-info: | Device |  Up  |          Address           |      Mask     | Scope |     Hw-Address    |
[[0;32m  OK  [0m] Reached target System Initialization.
         Starting Socket activation for snappy daemon.
[   60.935780] cloud-init[977]: ci-info: +--------+------+----------------------------+---------------+-------+-------------------+
[[0;32m  OK  [0m] Started Daily apt download activities.
[   61.092081] cloud-init[977]: ci-info: | enp0s3 | True |         10.0.2.15          | 255.255.255.0 |   .   | 02:e1:a6:2d:7f:b0 |
[   61.278540] [cloud-init[0;32m  OK  [0m[977]: ] ci-info: | enp0s3 | True | fe80::e1:a6ff:fe2d:7fb0/64 |       .       |  link | 02:e1:a6:2d:7f:b0 |Listening on UUID daemon activation socket.

[[0;32m  OK  [0m] Listening on ACPID Listen Socket.
[[0;32m  OK  [0m] Listening on D-Bus System Message Bus Socket.
[   61.279161] cloud-init[977]: ci-info: |   lo   | True |         127.0.0.1          |   255.0.0.0   |   .   |         .         |
[[0;32m  OK  [0m] Started ACPI Events Check.
[   61.772534] cloud-init[977]: ci-info: |   lo   | True |          ::1/128           |       .       |  host |         .         |
[   61.862216] [[0;32m  OK  [0m] Reached target Paths.
[[0;32m  OK  [0m] Started Daily apt upgrade and clean activities.
[[0;32m  OK  [0m] Started Timer to automatically refresh installed snaps.
cloud-init[977]: ci-info: +--------+------+----------------------------+---------------+-------+-------------------+
[   62.110633]          Starting LXD - unix socket.
[[0;32m  OK  [0m] Started Daily Cleanup of Temporary Directories.
[[0;32m  OK  [0m] Reached target Timers.
[[0;32m  OK  [0m] Reached target Network is Online.
cloud-init[977]: ci-info: +++++++++++++++++++++++++++Route IPv4 info++++++++++++++++++++++++++++
[   62.284807]          cloud-initStarting iSCSI initiator daemon (iscsid)...[977]: 
ci-info: +-------+-------------+----------+---------------+-----------+-------+
[   62.445482] [cloud-init[0;32m  OK  [0m[977]: ] ci-info: | Route | Destination | Gateway  |    Genmask    | Interface | Flags |Listening on Socket activation for snappy daemon.

[   62.446539] [cloud-init[0;32m  OK  [0m[977]: ] ci-info: +-------+-------------+----------+---------------+-----------+-------+Listening on LXD - unix socket.

[   62.616783] cloud-init[977]: ci-info: |   0   |   0.0.0.0   | 10.0.2.2 |    0.0.0.0    |   enp0s3  |   UG  |
[   62.687257] cloud-init[977]: ci-info: |   1   |   10.0.2.0  | 0.0.0.0  | 255.255.255.0 |   enp0s3  |   U   |
[   62.759750] cloud-init[977]: ci-info: +-------+-------------+----------+---------------+-----------+-------+
[[0;32m  OK  [0m] Reached target Sockets.
[[0;32m  OK  [0m] Reached target Basic System.
         Starting Apply the settings specified in cloud-config...
[[0;32m  OK  [0m] Started Deferred execution scheduler.
[[0;32m  OK  [0m] Started D-Bus System Message Bus.
         Starting Snappy daemon...
         Starting LXD - container startup/shutdown...
[[0;32m  OK  [0m] Started ACPI event daemon.
         Starting Login Service...
         Starting LSB: Record successful boot for GRUB...
         Starting System Logging Service...
[[0;32m  OK  [0m] Started FUSE filesystem for LXC.
[   63.282455] cloud-init[1034]: Cloud-init v. 17.2 running 'modules:config' at Wed, 07 Mar 2018 06:45:07 +0000. Up 63.18 seconds.
         Starting LSB: MD monitoring daemon...
         Starting /etc/rc.local Compatibility...
[[0;32m  OK  [0m] Started Regular background program processing daemon.
         Starting OpenBSD Secure Shell server...
[[0;32m  OK  [0m] Started Unattended Upgrades Shutdown.
         Starting Accounts Service...
[[0;32m  OK  [0m] Started Snappy daemon.
[[0;32m  OK  [0m] Started System Logging Service.
[[0;32m  OK  [0m] Started OpenBSD Secure Shell server.
[[0;32m  OK  [0m] Started iSCSI initiator daemon (iscsid).
[[0;32m  OK  [0m] Started Apply the settings specified in cloud-config.
[[0;32m  OK  [0m] Started LXD - container startup/shutdown.
[[0;32m  OK  [0m] Started /etc/rc.local Compatibility.
[[0;32m  OK  [0m] Started LSB: Record successful boot for GRUB.
[[0;32m  OK  [0m] Started LSB: MD monitoring daemon.
[[0;32m  OK  [0m] Started Login Service.
         Starting Authenticate and Authorize Users to Run Privileged Tasks...
         Starting Login to default iSCSI targets...
[[0;32m  OK  [0m] Started Authenticate and Authorize Users to Run Privileged Tasks.
[[0;32m  OK  [0m] Started Accounts Service.
[[0;32m  OK  [0m] Started Login to default iSCSI targets.
[[0;32m  OK  [0m] Reached target Remote File Systems (Pre).
[[0;32m  OK  [0m] Reached target Remote File Systems.
         Starting LSB: daemon to balance interrupts for SMP systems...
         Starting LSB: VirtualBox Linux Additions...
         Starting LSB: automatic crash report generation...
         Starting LSB: Set the CPU Frequency Scaling governor to "ondemand"...
         Starting Permit User Sessions...
[[0;32m  OK  [0m] Started Permit User Sessions.
         Starting Terminate Plymouth Boot Screen...
         Starting Hold until boot process finishes up...
[[0;32m  OK  [0m] Started LSB: daemon to balance interrupts for SMP systems.
[[0;32m  OK  [0m] Started LSB: VirtualBox Linux Additions.
[[0;32m  OK  [0m] Started LSB: automatic crash report generation.
[[0;32m  OK  [0m] Started LSB: Set the CPU Frequency Scaling governor to "ondemand".
[[0;32m  OK  [0m] Started Terminate Plymouth Boot Screen.
[[0;32m  OK  [0m] Started Hold until boot process finishes up.
[[0;32m  OK  [0m] Created slice User Slice of vagrant.
[[0;32m  OK  [0m] Started Session 1 of user vagrant.
         Starting User Manager for UID 1000...
[[0;32m  OK  [0m] Started Getty on tty1.
         Starting Set console scheme...
[[0;32m  OK  [0m] Started Serial Getty on ttyS0.
[[0;32m  OK  [0m] Reached target Login Prompts.
[[0;32m  OK  [0m] Reached target Multi-User System.
         Starting Execute cloud user/final scripts...
[[0;32m  OK  [0m] Reached target Graphical Interface.
         Starting Update UTMP about System Runlevel Changes...
[[0;32m  OK  [0m] Started User Manager for UID 1000.
[[0;32m  OK  [0m] Started Set console scheme.
[[0;32m  OK  [0m] Started Update UTMP about System Runlevel Changes.
[   65.748934] cloud-init[1220]: Cloud-init v. 17.2 running 'modules:final' at Wed, 07 Mar 2018 06:45:09 +0000. Up 65.64 seconds.
[   65.941039] cloud-init[1220]: Cloud-init v. 17.2 finished at Wed, 07 Mar 2018 06:45:09 +0000. Datasource DataSourceNoCloud [seed=/dev/sdb][dsmode=net].  Up 65.74 seconds
[[0;32m  OK  [0m] Started Execute cloud user/final scripts.
[[0;32m  OK  [0m] Reached target Cloud-init target.

Ubuntu 16.04.4 LTS ubuntu-xenial ttyS0

ubuntu-xenial login: 